Archive member included to satisfy reference by file (symbol)

c:/st/stm32cubeide_1.5.1/stm32cubeide/plugins/com.st.stm32cube.ide.mcu.externaltools.gnu-tools-for-stm32.9-2020-q2-update.win32_1.5.0.202011040924/tools/bin/../lib/gcc/arm-none-eabi/9.3.1/../../../../arm-none-eabi/lib/thumb/v7e-m+fp/hard\libc_nano.a(lib_a-errno.o)
                              Core/Src/syscalls.o (__errno)
c:/st/stm32cubeide_1.5.1/stm32cubeide/plugins/com.st.stm32cube.ide.mcu.externaltools.gnu-tools-for-stm32.9-2020-q2-update.win32_1.5.0.202011040924/tools/bin/../lib/gcc/arm-none-eabi/9.3.1/../../../../arm-none-eabi/lib/thumb/v7e-m+fp/hard\libc_nano.a(lib_a-exit.o)
                              c:/st/stm32cubeide_1.5.1/stm32cubeide/plugins/com.st.stm32cube.ide.mcu.externaltools.gnu-tools-for-stm32.9-2020-q2-update.win32_1.5.0.202011040924/tools/bin/../lib/gcc/arm-none-eabi/9.3.1/../../../../arm-none-eabi/lib/thumb/v7e-m+fp/hard/crt0.o (exit)
c:/st/stm32cubeide_1.5.1/stm32cubeide/plugins/com.st.stm32cube.ide.mcu.externaltools.gnu-tools-for-stm32.9-2020-q2-update.win32_1.5.0.202011040924/tools/bin/../lib/gcc/arm-none-eabi/9.3.1/../../../../arm-none-eabi/lib/thumb/v7e-m+fp/hard\libc_nano.a(lib_a-impure.o)
                              c:/st/stm32cubeide_1.5.1/stm32cubeide/plugins/com.st.stm32cube.ide.mcu.externaltools.gnu-tools-for-stm32.9-2020-q2-update.win32_1.5.0.202011040924/tools/bin/../lib/gcc/arm-none-eabi/9.3.1/../../../../arm-none-eabi/lib/thumb/v7e-m+fp/hard\libc_nano.a(lib_a-exit.o) (_global_impure_ptr)
c:/st/stm32cubeide_1.5.1/stm32cubeide/plugins/com.st.stm32cube.ide.mcu.externaltools.gnu-tools-for-stm32.9-2020-q2-update.win32_1.5.0.202011040924/tools/bin/../lib/gcc/arm-none-eabi/9.3.1/../../../../arm-none-eabi/lib/thumb/v7e-m+fp/hard\libc_nano.a(lib_a-init.o)
                              c:/st/stm32cubeide_1.5.1/stm32cubeide/plugins/com.st.stm32cube.ide.mcu.externaltools.gnu-tools-for-stm32.9-2020-q2-update.win32_1.5.0.202011040924/tools/bin/../lib/gcc/arm-none-eabi/9.3.1/../../../../arm-none-eabi/lib/thumb/v7e-m+fp/hard/crt0.o (__libc_init_array)
c:/st/stm32cubeide_1.5.1/stm32cubeide/plugins/com.st.stm32cube.ide.mcu.externaltools.gnu-tools-for-stm32.9-2020-q2-update.win32_1.5.0.202011040924/tools/bin/../lib/gcc/arm-none-eabi/9.3.1/../../../../arm-none-eabi/lib/thumb/v7e-m+fp/hard\libc_nano.a(lib_a-memset.o)
                              c:/st/stm32cubeide_1.5.1/stm32cubeide/plugins/com.st.stm32cube.ide.mcu.externaltools.gnu-tools-for-stm32.9-2020-q2-update.win32_1.5.0.202011040924/tools/bin/../lib/gcc/arm-none-eabi/9.3.1/../../../../arm-none-eabi/lib/thumb/v7e-m+fp/hard/crt0.o (memset)

Allocating common symbols
Common symbol       size              file

hi2c1               0x4c              Core/Src/i2c.o
uwTick              0x4               Drivers/STM32WBxx_HAL_Driver/Src/stm32wbxx_hal.o
hipcc               0x3c              Core/Src/ipcc.o
hpcd_USB_FS         0x2f4             Core/Src/usb.o

Discarded input sections

 .text          0x0000000000000000        0x0 c:/st/stm32cubeide_1.5.1/stm32cubeide/plugins/com.st.stm32cube.ide.mcu.externaltools.gnu-tools-for-stm32.9-2020-q2-update.win32_1.5.0.202011040924/tools/bin/../lib/gcc/arm-none-eabi/9.3.1/thumb/v7e-m+fp/hard/crti.o
 .data          0x0000000000000000        0x0 c:/st/stm32cubeide_1.5.1/stm32cubeide/plugins/com.st.stm32cube.ide.mcu.externaltools.gnu-tools-for-stm32.9-2020-q2-update.win32_1.5.0.202011040924/tools/bin/../lib/gcc/arm-none-eabi/9.3.1/thumb/v7e-m+fp/hard/crti.o
 .bss           0x0000000000000000        0x0 c:/st/stm32cubeide_1.5.1/stm32cubeide/plugins/com.st.stm32cube.ide.mcu.externaltools.gnu-tools-for-stm32.9-2020-q2-update.win32_1.5.0.202011040924/tools/bin/../lib/gcc/arm-none-eabi/9.3.1/thumb/v7e-m+fp/hard/crti.o
 .data          0x0000000000000000        0x4 c:/st/stm32cubeide_1.5.1/stm32cubeide/plugins/com.st.stm32cube.ide.mcu.externaltools.gnu-tools-for-stm32.9-2020-q2-update.win32_1.5.0.202011040924/tools/bin/../lib/gcc/arm-none-eabi/9.3.1/thumb/v7e-m+fp/hard/crtbegin.o
 .text          0x0000000000000000       0x7c c:/st/stm32cubeide_1.5.1/stm32cubeide/plugins/com.st.stm32cube.ide.mcu.externaltools.gnu-tools-for-stm32.9-2020-q2-update.win32_1.5.0.202011040924/tools/bin/../lib/gcc/arm-none-eabi/9.3.1/../../../../arm-none-eabi/lib/thumb/v7e-m+fp/hard/crt0.o
 .data          0x0000000000000000        0x0 c:/st/stm32cubeide_1.5.1/stm32cubeide/plugins/com.st.stm32cube.ide.mcu.externaltools.gnu-tools-for-stm32.9-2020-q2-update.win32_1.5.0.202011040924/tools/bin/../lib/gcc/arm-none-eabi/9.3.1/../../../../arm-none-eabi/lib/thumb/v7e-m+fp/hard/crt0.o
 .bss           0x0000000000000000        0x0 c:/st/stm32cubeide_1.5.1/stm32cubeide/plugins/com.st.stm32cube.ide.mcu.externaltools.gnu-tools-for-stm32.9-2020-q2-update.win32_1.5.0.202011040924/tools/bin/../lib/gcc/arm-none-eabi/9.3.1/../../../../arm-none-eabi/lib/thumb/v7e-m+fp/hard/crt0.o
[...]
Memory Configuration

Name             Origin             Length             Attributes
FLASH            0x0000000008000000 0x0000000000080000 xr
RAM1             0x0000000020000004 0x000000000002fffc xrw
RAM_SHARED       0x0000000020030000 0x0000000000002800 xrw
*default*        0x0000000000000000 0xffffffffffffffff

Linker script and memory map

LOAD c:/st/stm32cubeide_1.5.1/stm32cubeide/plugins/com.st.stm32cube.ide.mcu.externaltools.gnu-tools-for-stm32.9-2020-q2-update.win32_1.5.0.202011040924/tools/bin/../lib/gcc/arm-none-eabi/9.3.1/thumb/v7e-m+fp/hard/crti.o
LOAD c:/st/stm32cubeide_1.5.1/stm32cubeide/plugins/com.st.stm32cube.ide.mcu.externaltools.gnu-tools-for-stm32.9-2020-q2-update.win32_1.5.0.202011040924/tools/bin/../lib/gcc/arm-none-eabi/9.3.1/thumb/v7e-m+fp/hard/crtbegin.o
LOAD c:/st/stm32cubeide_1.5.1/stm32cubeide/plugins/com.st.stm32cube.ide.mcu.externaltools.gnu-tools-for-stm32.9-2020-q2-update.win32_1.5.0.202011040924/tools/bin/../lib/gcc/arm-none-eabi/9.3.1/../../../../arm-none-eabi/lib/thumb/v7e-m+fp/hard/crt0.o
LOAD Core/Src/gpio.o
LOAD Core/Src/i2c.o
LOAD Core/Src/ipcc.o
LOAD Core/Src/main.o
LOAD Core/Src/stm32wbxx_hal_msp.o
LOAD Core/Src/stm32wbxx_it.o
LOAD Core/Src/syscalls.o
LOAD Core/Src/sysmem.o
LOAD Core/Src/system_stm32wbxx.o
LOAD Core/Src/usb.o
LOAD Core/Startup/startup_stm32wb55cgux.o
LOAD Drivers/STM32WBxx_HAL_Driver/Src/stm32wbxx_hal.o
LOAD Drivers/STM32WBxx_HAL_Driver/Src/stm32wbxx_hal_cortex.o
LOAD Drivers/STM32WBxx_HAL_Driver/Src/stm32wbxx_hal_dma.o
LOAD Drivers/STM32WBxx_HAL_Driver/Src/stm32wbxx_hal_dma_ex.o
LOAD Drivers/STM32WBxx_HAL_Driver/Src/stm32wbxx_hal_exti.o
LOAD Drivers/STM32WBxx_HAL_Driver/Src/stm32wbxx_hal_flash.o
LOAD Drivers/STM32WBxx_HAL_Driver/Src/stm32wbxx_hal_flash_ex.o
LOAD Drivers/STM32WBxx_HAL_Driver/Src/stm32wbxx_hal_gpio.o
LOAD Drivers/STM32WBxx_HAL_Driver/Src/stm32wbxx_hal_hsem.o
LOAD Drivers/STM32WBxx_HAL_Driver/Src/stm32wbxx_hal_i2c.o
LOAD Drivers/STM32WBxx_HAL_Driver/Src/stm32wbxx_hal_i2c_ex.o
LOAD Drivers/STM32WBxx_HAL_Driver/Src/stm32wbxx_hal_ipcc.o
LOAD Drivers/STM32WBxx_HAL_Driver/Src/stm32wbxx_hal_pcd.o
LOAD Drivers/STM32WBxx_HAL_Driver/Src/stm32wbxx_hal_pcd_ex.o
LOAD Drivers/STM32WBxx_HAL_Driver/Src/stm32wbxx_hal_pwr.o
LOAD Drivers/STM32WBxx_HAL_Driver/Src/stm32wbxx_hal_pwr_ex.o
LOAD Drivers/STM32WBxx_HAL_Driver/Src/stm32wbxx_hal_rcc.o
LOAD Drivers/STM32WBxx_HAL_Driver/Src/stm32wbxx_hal_rcc_ex.o
LOAD Drivers/STM32WBxx_HAL_Driver/Src/stm32wbxx_hal_tim.o
LOAD Drivers/STM32WBxx_HAL_Driver/Src/stm32wbxx_hal_tim_ex.o
LOAD Drivers/STM32WBxx_HAL_Driver/Src/stm32wbxx_ll_usb.o
START GROUP
LOAD c:/st/stm32cubeide_1.5.1/stm32cubeide/plugins/com.st.stm32cube.ide.mcu.externaltools.gnu-tools-for-stm32.9-2020-q2-update.win32_1.5.0.202011040924/tools/bin/../lib/gcc/arm-none-eabi/9.3.1/../../../../arm-none-eabi/lib/thumb/v7e-m+fp/hard\libstdc++_nano.a
LOAD c:/st/stm32cubeide_1.5.1/stm32cubeide/plugins/com.st.stm32cube.ide.mcu.externaltools.gnu-tools-for-stm32.9-2020-q2-update.win32_1.5.0.202011040924/tools/bin/../lib/gcc/arm-none-eabi/9.3.1/../../../../arm-none-eabi/lib/thumb/v7e-m+fp/hard\libsupc++_nano.a
END GROUP
LOAD c:/st/stm32cubeide_1.5.1/stm32cubeide/plugins/com.st.stm32cube.ide.mcu.externaltools.gnu-tools-for-stm32.9-2020-q2-update.win32_1.5.0.202011040924/tools/bin/../lib/gcc/arm-none-eabi/9.3.1/../../../../arm-none-eabi/lib/thumb/v7e-m+fp/hard\libstdc++_nano.a
LOAD c:/st/stm32cubeide_1.5.1/stm32cubeide/plugins/com.st.stm32cube.ide.mcu.externaltools.gnu-tools-for-stm32.9-2020-q2-update.win32_1.5.0.202011040924/tools/bin/../lib/gcc/arm-none-eabi/9.3.1/../../../../arm-none-eabi/lib/thumb/v7e-m+fp/hard\libm.a
LOAD c:/st/stm32cubeide_1.5.1/stm32cubeide/plugins/com.st.stm32cube.ide.mcu.externaltools.gnu-tools-for-stm32.9-2020-q2-update.win32_1.5.0.202011040924/tools/bin/../lib/gcc/arm-none-eabi/9.3.1/../../../../arm-none-eabi/lib/thumb/v7e-m+fp/hard\libc_nano.a
START GROUP
LOAD c:/st/stm32cubeide_1.5.1/stm32cubeide/plugins/com.st.stm32cube.ide.mcu.externaltools.gnu-tools-for-stm32.9-2020-q2-update.win32_1.5.0.202011040924/tools/bin/../lib/gcc/arm-none-eabi/9.3.1/thumb/v7e-m+fp/hard\libgcc.a
LOAD c:/st/stm32cubeide_1.5.1/stm32cubeide/plugins/com.st.stm32cube.ide.mcu.externaltools.gnu-tools-for-stm32.9-2020-q2-update.win32_1.5.0.202011040924/tools/bin/../lib/gcc/arm-none-eabi/9.3.1/../../../../arm-none-eabi/lib/thumb/v7e-m+fp/hard\libc_nano.a
END GROUP
START GROUP
LOAD c:/st/stm32cubeide_1.5.1/stm32cubeide/plugins/com.st.stm32cube.ide.mcu.externaltools.gnu-tools-for-stm32.9-2020-q2-update.win32_1.5.0.202011040924/tools/bin/../lib/gcc/arm-none-eabi/9.3.1/thumb/v7e-m+fp/hard\libgcc.a
LOAD c:/st/stm32cubeide_1.5.1/stm32cubeide/plugins/com.st.stm32cube.ide.mcu.externaltools.gnu-tools-for-stm32.9-2020-q2-update.win32_1.5.0.202011040924/tools/bin/../lib/gcc/arm-none-eabi/9.3.1/../../../../arm-none-eabi/lib/thumb/v7e-m+fp/hard\libc_nano.a
LOAD c:/st/stm32cubeide_1.5.1/stm32cubeide/plugins/com.st.stm32cube.ide.mcu.externaltools.gnu-tools-for-stm32.9-2020-q2-update.win32_1.5.0.202011040924/tools/bin/../lib/gcc/arm-none-eabi/9.3.1/../../../../arm-none-eabi/lib/thumb/v7e-m+fp/hard\libnosys.a
END GROUP
START GROUP
LOAD c:/st/stm32cubeide_1.5.1/stm32cubeide/plugins/com.st.stm32cube.ide.mcu.externaltools.gnu-tools-for-stm32.9-2020-q2-update.win32_1.5.0.202011040924/tools/bin/../lib/gcc/arm-none-eabi/9.3.1/thumb/v7e-m+fp/hard\libgcc.a
LOAD c:/st/stm32cubeide_1.5.1/stm32cubeide/plugins/com.st.stm32cube.ide.mcu.externaltools.gnu-tools-for-stm32.9-2020-q2-update.win32_1.5.0.202011040924/tools/bin/../lib/gcc/arm-none-eabi/9.3.1/../../../../arm-none-eabi/lib/thumb/v7e-m+fp/hard\libc_nano.a
LOAD c:/st/stm32cubeide_1.5.1/stm32cubeide/plugins/com.st.stm32cube.ide.mcu.externaltools.gnu-tools-for-stm32.9-2020-q2-update.win32_1.5.0.202011040924/tools/bin/../lib/gcc/arm-none-eabi/9.3.1/../../../../arm-none-eabi/lib/thumb/v7e-m+fp/hard\libnosys.a
END GROUP
LOAD c:/st/stm32cubeide_1.5.1/stm32cubeide/plugins/com.st.stm32cube.ide.mcu.externaltools.gnu-tools-for-stm32.9-2020-q2-update.win32_1.5.0.202011040924/tools/bin/../lib/gcc/arm-none-eabi/9.3.1/thumb/v7e-m+fp/hard/crtend.o
LOAD c:/st/stm32cubeide_1.5.1/stm32cubeide/plugins/com.st.stm32cube.ide.mcu.externaltools.gnu-tools-for-stm32.9-2020-q2-update.win32_1.5.0.202011040924/tools/bin/../lib/gcc/arm-none-eabi/9.3.1/thumb/v7e-m+fp/hard/crtn.o
                0x0000000020030000                _estack = 0x20030000
                0x0000000000000200                _Min_Heap_Size = 0x200
                0x0000000000000400                _Min_Stack_Size = 0x400

.isr_vector     0x0000000008000000      0x13c
                0x0000000008000000                . = ALIGN (0x4)
 *(.isr_vector)
 .isr_vector    0x0000000008000000      0x13c Core/Startup/startup_stm32wb55cgux.o
                0x0000000008000000                g_pfnVectors
                0x000000000800013c                . = ALIGN (0x4)

.text           0x000000000800013c     0x30bc
                0x000000000800013c                . = ALIGN (0x4)
 *(.text)
 .text          0x000000000800013c       0x40 c:/st/stm32cubeide_1.5.1/stm32cubeide/plugins/com.st.stm32cube.ide.mcu.externaltools.gnu-tools-for-stm32.9-2020-q2-update.win32_1.5.0.202011040924/tools/bin/../lib/gcc/arm-none-eabi/9.3.1/thumb/v7e-m+fp/hard/crtbegin.o
 *(.text*)
 .text.LL_AHB2_GRP1_EnableClock
                0x000000000800017c       0x32 Core/Src/gpio.o
 *fill*         0x00000000080001ae        0x2 
 .text.MX_GPIO_Init
                0x00000000080001b0       0xc4 Core/Src/gpio.o
                0x00000000080001b0                MX_GPIO_Init
 .text.LL_AHB2_GRP1_EnableClock
                0x0000000008000274       0x32 Core/Src/i2c.o
 .text.LL_APB1_GRP1_EnableClock
                0x00000000080002a6       0x32 Core/Src/i2c.o
 .text.MX_I2C1_Init
                0x00000000080002d8       0x80 Core/Src/i2c.o
                0x00000000080002d8                MX_I2C1_Init
 .text.HAL_I2C_MspInit
                0x0000000008000358       0x64 Core/Src/i2c.o
                0x0000000008000358                HAL_I2C_MspInit
 .text.LL_AHB3_GRP1_EnableClock
                0x00000000080003bc       0x32 Core/Src/ipcc.o
 *fill*         0x00000000080003ee        0x2 
 .text.MX_IPCC_Init
                0x00000000080003f0       0x28 Core/Src/ipcc.o
                0x00000000080003f0                MX_IPCC_Init
 .text.HAL_IPCC_MspInit
                0x0000000008000418       0x28 Core/Src/ipcc.o
                0x0000000008000418                HAL_IPCC_MspInit
 .text.LL_RCC_LSE_SetDriveCapability
                0x0000000008000440       0x2c Core/Src/main.o
 .text.main     0x000000000800046c       0x84 Core/Src/main.o
                0x000000000800046c                main
 .text.SystemClock_Config
                0x00000000080004f0      0x150 Core/Src/main.o
                0x00000000080004f0                SystemClock_Config
 .text.Error_Handler
                0x0000000008000640        0xa Core/Src/main.o
                0x0000000008000640                Error_Handler
 .text.LL_AHB3_GRP1_EnableClock
                0x000000000800064a       0x32 Core/Src/stm32wbxx_hal_msp.o
 .text.HAL_MspInit
                0x000000000800067c       0x20 Core/Src/stm32wbxx_hal_msp.o
                0x000000000800067c                HAL_MspInit
 .text.NMI_Handler
                0x000000000800069c        0x6 Core/Src/stm32wbxx_it.o
                0x000000000800069c                NMI_Handler
 .text.HardFault_Handler
                0x00000000080006a2        0x6 Core/Src/stm32wbxx_it.o
                0x00000000080006a2                HardFault_Handler
 .text.MemManage_Handler
                0x00000000080006a8        0x6 Core/Src/stm32wbxx_it.o
                0x00000000080006a8                MemManage_Handler
 .text.BusFault_Handler
                0x00000000080006ae        0x6 Core/Src/stm32wbxx_it.o
                0x00000000080006ae                BusFault_Handler
 .text.UsageFault_Handler
                0x00000000080006b4        0x6 Core/Src/stm32wbxx_it.o
                0x00000000080006b4                UsageFault_Handler
 .text.SVC_Handler
                0x00000000080006ba        0xe Core/Src/stm32wbxx_it.o
                0x00000000080006ba                SVC_Handler
 .text.DebugMon_Handler
                0x00000000080006c8        0xe Core/Src/stm32wbxx_it.o
                0x00000000080006c8                DebugMon_Handler
 .text.PendSV_Handler
                0x00000000080006d6        0xe Core/Src/stm32wbxx_it.o
                0x00000000080006d6                PendSV_Handler
 .text.SysTick_Handler
                0x00000000080006e4        0xc Core/Src/stm32wbxx_it.o
                0x00000000080006e4                SysTick_Handler
 .text.HSEM_IRQHandler
                0x00000000080006f0        0xc Core/Src/stm32wbxx_it.o
                0x00000000080006f0                HSEM_IRQHandler
 .text.SystemInit
                0x00000000080006fc       0xa4 Core/Src/system_stm32wbxx.o
                0x00000000080006fc                SystemInit
 .text.LL_AHB2_GRP1_EnableClock
                0x00000000080007a0       0x32 Core/Src/usb.o
 .text.LL_APB1_GRP1_EnableClock
                0x00000000080007d2       0x32 Core/Src/usb.o
 .text.MX_USB_PCD_Init
                0x0000000008000804       0x50 Core/Src/usb.o
                0x0000000008000804                MX_USB_PCD_Init
 .text.HAL_PCD_MspInit
                0x0000000008000854       0x60 Core/Src/usb.o
                0x0000000008000854                HAL_PCD_MspInit
 .text.data_initializers
                0x00000000080008b4       0x18 Core/Startup/startup_stm32wb55cgux.o
 .text.Reset_Handler
                0x00000000080008cc       0x54 Core/Startup/startup_stm32wb55cgux.o
                0x00000000080008cc                Reset_Handler
 .text.Default_Handler
                0x0000000008000920        0x2 Core/Startup/startup_stm32wb55cgux.o
                0x0000000008000920                RTC_Alarm_IRQHandler
                0x0000000008000920                EXTI2_IRQHandler
                0x0000000008000920                TIM1_CC_IRQHandler
                0x0000000008000920                TSC_IRQHandler
                0x0000000008000920                USB_HP_IRQHandler
                0x0000000008000920                EXTI3_IRQHandler
                0x0000000008000920                LPTIM2_IRQHandler
                0x0000000008000920                I2C3_ER_IRQHandler
                0x0000000008000920                EXTI0_IRQHandler
                0x0000000008000920                FPU_IRQHandler
                0x0000000008000920                TIM1_UP_TIM16_IRQHandler
                0x0000000008000920                AES1_IRQHandler
                0x0000000008000920                SPI1_IRQHandler
                0x0000000008000920                PWR_SOTF_BLEACT_802ACT_RFPHASE_IRQHandler
                0x0000000008000920                DMA2_Channel2_IRQHandler
                0x0000000008000920                DMA1_Channel4_IRQHandler
                0x0000000008000920                ADC1_IRQHandler
                0x0000000008000920                PKA_IRQHandler
                0x0000000008000920                DMA1_Channel7_IRQHandler
                0x0000000008000920                LCD_IRQHandler
                0x0000000008000920                IPCC_C1_TX_IRQHandler
                0x0000000008000920                DMA2_Channel1_IRQHandler
                0x0000000008000920                QUADSPI_IRQHandler
                0x0000000008000920                I2C1_EV_IRQHandler
                0x0000000008000920                DMAMUX1_OVR_IRQHandler
                0x0000000008000920                DMA1_Channel6_IRQHandler
                0x0000000008000920                DMA2_Channel4_IRQHandler
                0x0000000008000920                RCC_IRQHandler
                0x0000000008000920                DMA1_Channel1_IRQHandler
                0x0000000008000920                Default_Handler
                0x0000000008000920                DMA2_Channel7_IRQHandler
                0x0000000008000920                EXTI15_10_IRQHandler
                0x0000000008000920                IPCC_C1_RX_IRQHandler
                0x0000000008000920                C2SEV_PWR_C2H_IRQHandler
                0x0000000008000920                AES2_IRQHandler
                0x0000000008000920                I2C3_EV_IRQHandler
                0x0000000008000920                EXTI9_5_IRQHandler
                0x0000000008000920                RTC_WKUP_IRQHandler
                0x0000000008000920                PVD_PVM_IRQHandler
                0x0000000008000920                SPI2_IRQHandler
                0x0000000008000920                DMA2_Channel5_IRQHandler
                0x0000000008000920                CRS_IRQHandler
                0x0000000008000920                DMA1_Channel5_IRQHandler
                0x0000000008000920                USB_LP_IRQHandler
                0x0000000008000920                EXTI4_IRQHandler
                0x0000000008000920                RNG_IRQHandler
                0x0000000008000920                TIM1_TRG_COM_TIM17_IRQHandler
                0x0000000008000920                TAMP_STAMP_LSECSS_IRQHandler
                0x0000000008000920                DMA1_Channel3_IRQHandler
                0x0000000008000920                COMP_IRQHandler
                0x0000000008000920                WWDG_IRQHandler
                0x0000000008000920                LPUART1_IRQHandler
                0x0000000008000920                DMA2_Channel6_IRQHandler
                0x0000000008000920                TIM2_IRQHandler
                0x0000000008000920                TIM1_BRK_IRQHandler
                0x0000000008000920                EXTI1_IRQHandler
                0x0000000008000920                DMA1_Channel2_IRQHandler
                0x0000000008000920                FLASH_IRQHandler
                0x0000000008000920                USART1_IRQHandler
                0x0000000008000920                I2C1_ER_IRQHandler
                0x0000000008000920                LPTIM1_IRQHandler
                0x0000000008000920                SAI1_IRQHandler
                0x0000000008000920                DMA2_Channel3_IRQHandler
 *fill*         0x0000000008000922        0x2 
 .text.HAL_Init
                0x0000000008000924       0x40 Drivers/STM32WBxx_HAL_Driver/Src/stm32wbxx_hal.o
                0x0000000008000924                HAL_Init
 .text.HAL_InitTick
                0x0000000008000964       0x74 Drivers/STM32WBxx_HAL_Driver/Src/stm32wbxx_hal.o
                0x0000000008000964                HAL_InitTick
 .text.HAL_IncTick
                0x00000000080009d8       0x28 Drivers/STM32WBxx_HAL_Driver/Src/stm32wbxx_hal.o
                0x00000000080009d8                HAL_IncTick
 .text.HAL_GetTick
                0x0000000008000a00       0x18 Drivers/STM32WBxx_HAL_Driver/Src/stm32wbxx_hal.o
                0x0000000008000a00                HAL_GetTick
 .text.HAL_GetTickPrio
                0x0000000008000a18       0x18 Drivers/STM32WBxx_HAL_Driver/Src/stm32wbxx_hal.o
                0x0000000008000a18                HAL_GetTickPrio
 .text.HAL_Delay
                0x0000000008000a30       0x48 Drivers/STM32WBxx_HAL_Driver/Src/stm32wbxx_hal.o
                0x0000000008000a30                HAL_Delay
 .text.__NVIC_SetPriorityGrouping
                0x0000000008000a78       0x48 Drivers/STM32WBxx_HAL_Driver/Src/stm32wbxx_hal_cortex.o
 .text.__NVIC_GetPriorityGrouping
                0x0000000008000ac0       0x1c Drivers/STM32WBxx_HAL_Driver/Src/stm32wbxx_hal_cortex.o
 .text.__NVIC_EnableIRQ
                0x0000000008000adc       0x3c Drivers/STM32WBxx_HAL_Driver/Src/stm32wbxx_hal_cortex.o
 .text.__NVIC_SetPriority
                0x0000000008000b18       0x54 Drivers/STM32WBxx_HAL_Driver/Src/stm32wbxx_hal_cortex.o
 .text.NVIC_EncodePriority
                0x0000000008000b6c       0x66 Drivers/STM32WBxx_HAL_Driver/Src/stm32wbxx_hal_cortex.o
 *fill*         0x0000000008000bd2        0x2 
 .text.SysTick_Config
                0x0000000008000bd4       0x44 Drivers/STM32WBxx_HAL_Driver/Src/stm32wbxx_hal_cortex.o
 .text.HAL_NVIC_SetPriorityGrouping
                0x0000000008000c18       0x16 Drivers/STM32WBxx_HAL_Driver/Src/stm32wbxx_hal_cortex.o
                0x0000000008000c18                HAL_NVIC_SetPriorityGrouping
 .text.HAL_NVIC_SetPriority
                0x0000000008000c2e       0x34 Drivers/STM32WBxx_HAL_Driver/Src/stm32wbxx_hal_cortex.o
                0x0000000008000c2e                HAL_NVIC_SetPriority
 .text.HAL_NVIC_EnableIRQ
                0x0000000008000c62       0x1c Drivers/STM32WBxx_HAL_Driver/Src/stm32wbxx_hal_cortex.o
                0x0000000008000c62                HAL_NVIC_EnableIRQ
 .text.HAL_SYSTICK_Config
                0x0000000008000c7e       0x18 Drivers/STM32WBxx_HAL_Driver/Src/stm32wbxx_hal_cortex.o
                0x0000000008000c7e                HAL_SYSTICK_Config
 *fill*         0x0000000008000c96        0x2 
 .text.HAL_GPIO_Init
                0x0000000008000c98      0x2e0 Drivers/STM32WBxx_HAL_Driver/Src/stm32wbxx_hal_gpio.o
                0x0000000008000c98                HAL_GPIO_Init
 .text.HAL_GPIO_WritePin
                0x0000000008000f78       0x30 Drivers/STM32WBxx_HAL_Driver/Src/stm32wbxx_hal_gpio.o
                0x0000000008000f78                HAL_GPIO_WritePin
 .text.HAL_GPIO_TogglePin
                0x0000000008000fa8       0x34 Drivers/STM32WBxx_HAL_Driver/Src/stm32wbxx_hal_gpio.o
                0x0000000008000fa8                HAL_GPIO_TogglePin
 .text.HAL_HSEM_IRQHandler
                0x0000000008000fdc       0x34 Drivers/STM32WBxx_HAL_Driver/Src/stm32wbxx_hal_hsem.o
                0x0000000008000fdc                HAL_HSEM_IRQHandler
 .text.HAL_HSEM_FreeCallback
                0x0000000008001010       0x14 Drivers/STM32WBxx_HAL_Driver/Src/stm32wbxx_hal_hsem.o
                0x0000000008001010                HAL_HSEM_FreeCallback
 .text.HAL_I2C_Init
                0x0000000008001024      0x11e Drivers/STM32WBxx_HAL_Driver/Src/stm32wbxx_hal_i2c.o
                0x0000000008001024                HAL_I2C_Init
 .text.HAL_I2CEx_ConfigAnalogFilter
                0x0000000008001142       0x96 Drivers/STM32WBxx_HAL_Driver/Src/stm32wbxx_hal_i2c_ex.o
                0x0000000008001142                HAL_I2CEx_ConfigAnalogFilter
 .text.HAL_I2CEx_ConfigDigitalFilter
                0x00000000080011d8       0x98 Drivers/STM32WBxx_HAL_Driver/Src/stm32wbxx_hal_i2c_ex.o
                0x00000000080011d8                HAL_I2CEx_ConfigDigitalFilter
 .text.HAL_IPCC_Init
                0x0000000008001270       0x64 Drivers/STM32WBxx_HAL_Driver/Src/stm32wbxx_hal_ipcc.o
                0x0000000008001270                HAL_IPCC_Init
 .text.HAL_IPCC_RxCallback
                0x00000000080012d4       0x1a Drivers/STM32WBxx_HAL_Driver/Src/stm32wbxx_hal_ipcc.o
                0x00000000080012d4                HAL_IPCC_RxCallback
 .text.HAL_IPCC_TxCallback
                0x00000000080012ee       0x1a Drivers/STM32WBxx_HAL_Driver/Src/stm32wbxx_hal_ipcc.o
                0x00000000080012ee                HAL_IPCC_TxCallback
 .text.IPCC_SetDefaultCallbacks
                0x0000000008001308       0x4c Drivers/STM32WBxx_HAL_Driver/Src/stm32wbxx_hal_ipcc.o
                0x0000000008001308                IPCC_SetDefaultCallbacks
 .text.IPCC_Reset_Register
                0x0000000008001354       0x28 Drivers/STM32WBxx_HAL_Driver/Src/stm32wbxx_hal_ipcc.o
                0x0000000008001354                IPCC_Reset_Register
 .text.HAL_PCD_Init
                0x000000000800137c      0x1ca Drivers/STM32WBxx_HAL_Driver/Src/stm32wbxx_hal_pcd.o
                0x000000000800137c                HAL_PCD_Init
 .text.HAL_PCDEx_ActivateLPM
                0x0000000008001546       0x54 Drivers/STM32WBxx_HAL_Driver/Src/stm32wbxx_hal_pcd_ex.o
                0x0000000008001546                HAL_PCDEx_ActivateLPM
 *fill*         0x000000000800159a        0x2 
 .text.HAL_PWR_EnableBkUpAccess
                0x000000000800159c       0x20 Drivers/STM32WBxx_HAL_Driver/Src/stm32wbxx_hal_pwr.o
                0x000000000800159c                HAL_PWR_EnableBkUpAccess
 .text.HAL_PWREx_GetVoltageRange
                0x00000000080015bc       0x1c Drivers/STM32WBxx_HAL_Driver/Src/stm32wbxx_hal_pwr_ex.o
                0x00000000080015bc                HAL_PWREx_GetVoltageRange
 .text.LL_RCC_HSE_IsEnabledDiv2
                0x00000000080015d8       0x24 Drivers/STM32WBxx_HAL_Driver/Src/stm32wbxx_hal_rcc.o
 .text.LL_RCC_HSE_Enable
                0x00000000080015fc       0x1e Drivers/STM32WBxx_HAL_Driver/Src/stm32wbxx_hal_rcc.o
 .text.LL_RCC_HSE_Disable
                0x000000000800161a       0x1e Drivers/STM32WBxx_HAL_Driver/Src/stm32wbxx_hal_rcc.o
 .text.LL_RCC_HSE_IsReady
                0x0000000008001638       0x24 Drivers/STM32WBxx_HAL_Driver/Src/stm32wbxx_hal_rcc.o
 .text.LL_RCC_HSI_Enable
                0x000000000800165c       0x1e Drivers/STM32WBxx_HAL_Driver/Src/stm32wbxx_hal_rcc.o
 .text.LL_RCC_HSI_Disable
                0x000000000800167a       0x1e Drivers/STM32WBxx_HAL_Driver/Src/stm32wbxx_hal_rcc.o
 .text.LL_RCC_HSI_IsReady
                0x0000000008001698       0x24 Drivers/STM32WBxx_HAL_Driver/Src/stm32wbxx_hal_rcc.o
 .text.LL_RCC_HSI_SetCalibTrimming
                0x00000000080016bc       0x2a Drivers/STM32WBxx_HAL_Driver/Src/stm32wbxx_hal_rcc.o
 .text.LL_RCC_HSI48_Enable
                0x00000000080016e6       0x22 Drivers/STM32WBxx_HAL_Driver/Src/stm32wbxx_hal_rcc.o
 .text.LL_RCC_HSI48_Disable
                0x0000000008001708       0x22 Drivers/STM32WBxx_HAL_Driver/Src/stm32wbxx_hal_rcc.o
 .text.LL_RCC_HSI48_IsReady
                0x000000000800172a       0x24 Drivers/STM32WBxx_HAL_Driver/Src/stm32wbxx_hal_rcc.o
 .text.LL_RCC_LSE_Enable
                0x000000000800174e       0x22 Drivers/STM32WBxx_HAL_Driver/Src/stm32wbxx_hal_rcc.o
 .text.LL_RCC_LSE_Disable
                0x0000000008001770       0x22 Drivers/STM32WBxx_HAL_Driver/Src/stm32wbxx_hal_rcc.o
 .text.LL_RCC_LSE_EnableBypass
                0x0000000008001792       0x22 Drivers/STM32WBxx_HAL_Driver/Src/stm32wbxx_hal_rcc.o
 .text.LL_RCC_LSE_DisableBypass
                0x00000000080017b4       0x22 Drivers/STM32WBxx_HAL_Driver/Src/stm32wbxx_hal_rcc.o
 .text.LL_RCC_LSE_IsReady
                0x00000000080017d6       0x24 Drivers/STM32WBxx_HAL_Driver/Src/stm32wbxx_hal_rcc.o
 .text.LL_RCC_LSI1_Enable
                0x00000000080017fa       0x22 Drivers/STM32WBxx_HAL_Driver/Src/stm32wbxx_hal_rcc.o
 .text.LL_RCC_LSI1_Disable
                0x000000000800181c       0x22 Drivers/STM32WBxx_HAL_Driver/Src/stm32wbxx_hal_rcc.o
 .text.LL_RCC_LSI1_IsReady
                0x000000000800183e       0x24 Drivers/STM32WBxx_HAL_Driver/Src/stm32wbxx_hal_rcc.o
 .text.LL_RCC_LSI2_Enable
                0x0000000008001862       0x22 Drivers/STM32WBxx_HAL_Driver/Src/stm32wbxx_hal_rcc.o
 .text.LL_RCC_LSI2_Disable
                0x0000000008001884       0x22 Drivers/STM32WBxx_HAL_Driver/Src/stm32wbxx_hal_rcc.o
 .text.LL_RCC_LSI2_IsReady
                0x00000000080018a6       0x24 Drivers/STM32WBxx_HAL_Driver/Src/stm32wbxx_hal_rcc.o
 .text.LL_RCC_LSI2_SetTrimming
                0x00000000080018ca       0x2e Drivers/STM32WBxx_HAL_Driver/Src/stm32wbxx_hal_rcc.o
 .text.LL_RCC_MSI_Enable
                0x00000000080018f8       0x1e Drivers/STM32WBxx_HAL_Driver/Src/stm32wbxx_hal_rcc.o
 .text.LL_RCC_MSI_Disable
                0x0000000008001916       0x1e Drivers/STM32WBxx_HAL_Driver/Src/stm32wbxx_hal_rcc.o
 .text.LL_RCC_MSI_IsReady
                0x0000000008001934       0x22 Drivers/STM32WBxx_HAL_Driver/Src/stm32wbxx_hal_rcc.o
 .text.LL_RCC_MSI_SetRange
                0x0000000008001956       0x28 Drivers/STM32WBxx_HAL_Driver/Src/stm32wbxx_hal_rcc.o
 .text.LL_RCC_MSI_GetRange
                0x000000000800197e       0x2a Drivers/STM32WBxx_HAL_Driver/Src/stm32wbxx_hal_rcc.o
 .text.LL_RCC_MSI_SetCalibTrimming
                0x00000000080019a8       0x2a Drivers/STM32WBxx_HAL_Driver/Src/stm32wbxx_hal_rcc.o
 .text.LL_RCC_SetSysClkSource
                0x00000000080019d2       0x28 Drivers/STM32WBxx_HAL_Driver/Src/stm32wbxx_hal_rcc.o
 .text.LL_RCC_GetSysClkSource
                0x00000000080019fa       0x18 Drivers/STM32WBxx_HAL_Driver/Src/stm32wbxx_hal_rcc.o
 .text.LL_RCC_SetAHBPrescaler
                0x0000000008001a12       0x28 Drivers/STM32WBxx_HAL_Driver/Src/stm32wbxx_hal_rcc.o
 .text.LL_C2_RCC_SetAHBPrescaler
                0x0000000008001a3a       0x2c Drivers/STM32WBxx_HAL_Driver/Src/stm32wbxx_hal_rcc.o
 .text.LL_RCC_SetAHB4Prescaler
                0x0000000008001a66       0x2e Drivers/STM32WBxx_HAL_Driver/Src/stm32wbxx_hal_rcc.o
 .text.LL_RCC_SetAPB1Prescaler
                0x0000000008001a94       0x28 Drivers/STM32WBxx_HAL_Driver/Src/stm32wbxx_hal_rcc.o
 .text.LL_RCC_SetAPB2Prescaler
                0x0000000008001abc       0x28 Drivers/STM32WBxx_HAL_Driver/Src/stm32wbxx_hal_rcc.o
 .text.LL_RCC_GetAHBPrescaler
                0x0000000008001ae4       0x18 Drivers/STM32WBxx_HAL_Driver/Src/stm32wbxx_hal_rcc.o
 .text.LL_RCC_GetAHB4Prescaler
                0x0000000008001afc       0x1c Drivers/STM32WBxx_HAL_Driver/Src/stm32wbxx_hal_rcc.o
 .text.LL_RCC_PLL_Enable
                0x0000000008001b18       0x1e Drivers/STM32WBxx_HAL_Driver/Src/stm32wbxx_hal_rcc.o
 .text.LL_RCC_PLL_Disable
                0x0000000008001b36       0x1e Drivers/STM32WBxx_HAL_Driver/Src/stm32wbxx_hal_rcc.o
 .text.LL_RCC_PLL_IsReady
                0x0000000008001b54       0x24 Drivers/STM32WBxx_HAL_Driver/Src/stm32wbxx_hal_rcc.o
 .text.LL_RCC_PLL_GetN
                0x0000000008001b78       0x1a Drivers/STM32WBxx_HAL_Driver/Src/stm32wbxx_hal_rcc.o
 .text.LL_RCC_PLL_GetR
                0x0000000008001b92       0x18 Drivers/STM32WBxx_HAL_Driver/Src/stm32wbxx_hal_rcc.o
 .text.LL_RCC_PLL_GetDivider
                0x0000000008001baa       0x18 Drivers/STM32WBxx_HAL_Driver/Src/stm32wbxx_hal_rcc.o
 .text.LL_RCC_PLL_GetMainSource
                0x0000000008001bc2       0x18 Drivers/STM32WBxx_HAL_Driver/Src/stm32wbxx_hal_rcc.o
 .text.LL_RCC_IsActiveFlag_HPRE
                0x0000000008001bda       0x24 Drivers/STM32WBxx_HAL_Driver/Src/stm32wbxx_hal_rcc.o
 .text.LL_RCC_IsActiveFlag_C2HPRE
                0x0000000008001bfe       0x26 Drivers/STM32WBxx_HAL_Driver/Src/stm32wbxx_hal_rcc.o
 .text.LL_RCC_IsActiveFlag_SHDHPRE
                0x0000000008001c24       0x26 Drivers/STM32WBxx_HAL_Driver/Src/stm32wbxx_hal_rcc.o
 .text.LL_RCC_IsActiveFlag_PPRE1
                0x0000000008001c4a       0x24 Drivers/STM32WBxx_HAL_Driver/Src/stm32wbxx_hal_rcc.o
 .text.LL_RCC_IsActiveFlag_PPRE2
                0x0000000008001c6e       0x24 Drivers/STM32WBxx_HAL_Driver/Src/stm32wbxx_hal_rcc.o
 *fill*         0x0000000008001c92        0x2 
 .text.HAL_RCC_OscConfig
                0x0000000008001c94      0x718 Drivers/STM32WBxx_HAL_Driver/Src/stm32wbxx_hal_rcc.o
                0x0000000008001c94                HAL_RCC_OscConfig
 .text.HAL_RCC_ClockConfig
                0x00000000080023ac      0x280 Drivers/STM32WBxx_HAL_Driver/Src/stm32wbxx_hal_rcc.o
                0x00000000080023ac                HAL_RCC_ClockConfig
 .text.HAL_RCC_GetSysClockFreq
                0x000000000800262c       0xd8 Drivers/STM32WBxx_HAL_Driver/Src/stm32wbxx_hal_rcc.o
                0x000000000800262c                HAL_RCC_GetSysClockFreq
 .text.HAL_RCC_GetHCLKFreq
                0x0000000008002704       0x28 Drivers/STM32WBxx_HAL_Driver/Src/stm32wbxx_hal_rcc.o
                0x0000000008002704                HAL_RCC_GetHCLKFreq
 .text.RCC_SetFlashLatencyFromMSIRange
                0x000000000800272c       0x70 Drivers/STM32WBxx_HAL_Driver/Src/stm32wbxx_hal_rcc.o
 .text.RCC_SetFlashLatency
                0x000000000800279c      0x100 Drivers/STM32WBxx_HAL_Driver/Src/stm32wbxx_hal_rcc.o
 .text.LL_RCC_LSE_IsEnabled
                0x000000000800289c       0x24 Drivers/STM32WBxx_HAL_Driver/Src/stm32wbxx_hal_rcc_ex.o
 .text.LL_RCC_LSE_IsReady
                0x00000000080028c0       0x24 Drivers/STM32WBxx_HAL_Driver/Src/stm32wbxx_hal_rcc_ex.o
 .text.LL_RCC_MSI_EnablePLLMode
                0x00000000080028e4       0x1e Drivers/STM32WBxx_HAL_Driver/Src/stm32wbxx_hal_rcc_ex.o
 .text.LL_RCC_SetRFWKPClockSource
                0x0000000008002902       0x2c Drivers/STM32WBxx_HAL_Driver/Src/stm32wbxx_hal_rcc_ex.o
 .text.LL_RCC_SetSMPSClockSource
                0x000000000800292e       0x28 Drivers/STM32WBxx_HAL_Driver/Src/stm32wbxx_hal_rcc_ex.o
 .text.LL_RCC_SetSMPSPrescaler
                0x0000000008002956       0x28 Drivers/STM32WBxx_HAL_Driver/Src/stm32wbxx_hal_rcc_ex.o
 .text.LL_RCC_SetUSARTClockSource
                0x000000000800297e       0x2c Drivers/STM32WBxx_HAL_Driver/Src/stm32wbxx_hal_rcc_ex.o
 .text.LL_RCC_SetLPUARTClockSource
                0x00000000080029aa       0x2c Drivers/STM32WBxx_HAL_Driver/Src/stm32wbxx_hal_rcc_ex.o
 .text.LL_RCC_SetI2CClockSource
                0x00000000080029d6       0x3a Drivers/STM32WBxx_HAL_Driver/Src/stm32wbxx_hal_rcc_ex.o
 .text.LL_RCC_SetLPTIMClockSource
                0x0000000008002a10       0x34 Drivers/STM32WBxx_HAL_Driver/Src/stm32wbxx_hal_rcc_ex.o
 .text.LL_RCC_SetSAIClockSource
                0x0000000008002a44       0x2c Drivers/STM32WBxx_HAL_Driver/Src/stm32wbxx_hal_rcc_ex.o
 .text.LL_RCC_SetRNGClockSource
                0x0000000008002a70       0x2c Drivers/STM32WBxx_HAL_Driver/Src/stm32wbxx_hal_rcc_ex.o
 .text.LL_RCC_SetCLK48ClockSource
                0x0000000008002a9c       0x2c Drivers/STM32WBxx_HAL_Driver/Src/stm32wbxx_hal_rcc_ex.o
 .text.LL_RCC_SetUSBClockSource
                0x0000000008002ac8       0x16 Drivers/STM32WBxx_HAL_Driver/Src/stm32wbxx_hal_rcc_ex.o
 .text.LL_RCC_SetADCClockSource
                0x0000000008002ade       0x2c Drivers/STM32WBxx_HAL_Driver/Src/stm32wbxx_hal_rcc_ex.o
 .text.LL_RCC_SetRTCClockSource
                0x0000000008002b0a       0x2c Drivers/STM32WBxx_HAL_Driver/Src/stm32wbxx_hal_rcc_ex.o
 .text.LL_RCC_GetRTCClockSource
                0x0000000008002b36       0x1a Drivers/STM32WBxx_HAL_Driver/Src/stm32wbxx_hal_rcc_ex.o
 .text.LL_RCC_ForceBackupDomainReset
                0x0000000008002b50       0x22 Drivers/STM32WBxx_HAL_Driver/Src/stm32wbxx_hal_rcc_ex.o
 .text.LL_RCC_ReleaseBackupDomainReset
                0x0000000008002b72       0x22 Drivers/STM32WBxx_HAL_Driver/Src/stm32wbxx_hal_rcc_ex.o
 .text.LL_RCC_PLLSAI1_Enable
                0x0000000008002b94       0x1e Drivers/STM32WBxx_HAL_Driver/Src/stm32wbxx_hal_rcc_ex.o
 .text.LL_RCC_PLLSAI1_Disable
                0x0000000008002bb2       0x1e Drivers/STM32WBxx_HAL_Driver/Src/stm32wbxx_hal_rcc_ex.o
 .text.LL_RCC_PLLSAI1_IsReady
                0x0000000008002bd0       0x24 Drivers/STM32WBxx_HAL_Driver/Src/stm32wbxx_hal_rcc_ex.o
 .text.HAL_RCCEx_PeriphCLKConfig
                0x0000000008002bf4      0x2ec Drivers/STM32WBxx_HAL_Driver/Src/stm32wbxx_hal_rcc_ex.o
                0x0000000008002bf4                HAL_RCCEx_PeriphCLKConfig
 .text.HAL_RCCEx_EnableMSIPLLMode
                0x0000000008002ee0        0xc Drivers/STM32WBxx_HAL_Driver/Src/stm32wbxx_hal_rcc_ex.o
                0x0000000008002ee0                HAL_RCCEx_EnableMSIPLLMode
 .text.RCCEx_PLLSAI1_ConfigNP
                0x0000000008002eec       0xb6 Drivers/STM32WBxx_HAL_Driver/Src/stm32wbxx_hal_rcc_ex.o
 .text.RCCEx_PLLSAI1_ConfigNQ
                0x0000000008002fa2       0xb6 Drivers/STM32WBxx_HAL_Driver/Src/stm32wbxx_hal_rcc_ex.o
 .text.RCCEx_PLLSAI1_ConfigNR
                0x0000000008003058       0xb6 Drivers/STM32WBxx_HAL_Driver/Src/stm32wbxx_hal_rcc_ex.o
 .text.USB_DisableGlobalInt
                0x000000000800310e       0x36 Drivers/STM32WBxx_HAL_Driver/Src/stm32wbxx_ll_usb.o
                0x000000000800310e                USB_DisableGlobalInt
 .text.USB_DevInit
                0x0000000008003144       0x42 Drivers/STM32WBxx_HAL_Driver/Src/stm32wbxx_ll_usb.o
                0x0000000008003144                USB_DevInit
 *fill*         0x0000000008003186        0x2 
 .text.__libc_init_array
                0x0000000008003188       0x48 c:/st/stm32cubeide_1.5.1/stm32cubeide/plugins/com.st.stm32cube.ide.mcu.externaltools.gnu-tools-for-stm32.9-2020-q2-update.win32_1.5.0.202011040924/tools/bin/../lib/gcc/arm-none-eabi/9.3.1/../../../../arm-none-eabi/lib/thumb/v7e-m+fp/hard\libc_nano.a(lib_a-init.o)
                0x0000000008003188                __libc_init_array
 .text.memset   0x00000000080031d0       0x10 c:/st/stm32cubeide_1.5.1/stm32cubeide/plugins/com.st.stm32cube.ide.mcu.externaltools.gnu-tools-for-stm32.9-2020-q2-update.win32_1.5.0.202011040924/tools/bin/../lib/gcc/arm-none-eabi/9.3.1/../../../../arm-none-eabi/lib/thumb/v7e-m+fp/hard\libc_nano.a(lib_a-memset.o)
                0x00000000080031d0                memset
 *(.glue_7)
 .glue_7        0x00000000080031e0        0x0 linker stubs
 *(.glue_7t)
 .glue_7t       0x00000000080031e0        0x0 linker stubs
 *(.eh_frame)
 .eh_frame      0x00000000080031e0        0x0 c:/st/stm32cubeide_1.5.1/stm32cubeide/plugins/com.st.stm32cube.ide.mcu.externaltools.gnu-tools-for-stm32.9-2020-q2-update.win32_1.5.0.202011040924/tools/bin/../lib/gcc/arm-none-eabi/9.3.1/thumb/v7e-m+fp/hard/crtbegin.o
 *(.init)
 .init          0x00000000080031e0        0x4 c:/st/stm32cubeide_1.5.1/stm32cubeide/plugins/com.st.stm32cube.ide.mcu.externaltools.gnu-tools-for-stm32.9-2020-q2-update.win32_1.5.0.202011040924/tools/bin/../lib/gcc/arm-none-eabi/9.3.1/thumb/v7e-m+fp/hard/crti.o
                0x00000000080031e0                _init
 .init          0x00000000080031e4        0x8 c:/st/stm32cubeide_1.5.1/stm32cubeide/plugins/com.st.stm32cube.ide.mcu.externaltools.gnu-tools-for-stm32.9-2020-q2-update.win32_1.5.0.202011040924/tools/bin/../lib/gcc/arm-none-eabi/9.3.1/thumb/v7e-m+fp/hard/crtn.o
 *(.fini)
 .fini          0x00000000080031ec        0x4 c:/st/stm32cubeide_1.5.1/stm32cubeide/plugins/com.st.stm32cube.ide.mcu.externaltools.gnu-tools-for-stm32.9-2020-q2-update.win32_1.5.0.202011040924/tools/bin/../lib/gcc/arm-none-eabi/9.3.1/thumb/v7e-m+fp/hard/crti.o
                0x00000000080031ec                _fini
 .fini          0x00000000080031f0        0x8 c:/st/stm32cubeide_1.5.1/stm32cubeide/plugins/com.st.stm32cube.ide.mcu.externaltools.gnu-tools-for-stm32.9-2020-q2-update.win32_1.5.0.202011040924/tools/bin/../lib/gcc/arm-none-eabi/9.3.1/thumb/v7e-m+fp/hard/crtn.o
                0x00000000080031f8                . = ALIGN (0x4)
                0x00000000080031f8                _etext = .

.vfp11_veneer   0x00000000080031f8        0x0
 .vfp11_veneer  0x00000000080031f8        0x0 linker stubs

.v4_bx          0x00000000080031f8        0x0
 .v4_bx         0x00000000080031f8        0x0 linker stubs

.iplt           0x00000000080031f8        0x0
 .iplt          0x00000000080031f8        0x0 c:/st/stm32cubeide_1.5.1/stm32cubeide/plugins/com.st.stm32cube.ide.mcu.externaltools.gnu-tools-for-stm32.9-2020-q2-update.win32_1.5.0.202011040924/tools/bin/../lib/gcc/arm-none-eabi/9.3.1/thumb/v7e-m+fp/hard/crtbegin.o

.rodata         0x00000000080031f8       0xac
                0x00000000080031f8                . = ALIGN (0x4)
 *(.rodata)
 .rodata        0x00000000080031f8       0x2c Drivers/STM32WBxx_HAL_Driver/Src/stm32wbxx_hal_rcc.o
 *(.rodata*)
 .rodata.AHBPrescTable
                0x0000000008003224       0x40 Core/Src/system_stm32wbxx.o
                0x0000000008003224                AHBPrescTable
 .rodata.MSIRangeTable
                0x0000000008003264       0x40 Core/Src/system_stm32wbxx.o
                0x0000000008003264                MSIRangeTable
                0x00000000080032a4                . = ALIGN (0x4)

.rel.dyn        0x00000000080032a4        0x0
 .rel.iplt      0x00000000080032a4        0x0 c:/st/stm32cubeide_1.5.1/stm32cubeide/plugins/com.st.stm32cube.ide.mcu.externaltools.gnu-tools-for-stm32.9-2020-q2-update.win32_1.5.0.202011040924/tools/bin/../lib/gcc/arm-none-eabi/9.3.1/thumb/v7e-m+fp/hard/crtbegin.o

.ARM.extab
 *(.ARM.extab* .gnu.linkonce.armextab.*)

.ARM            0x00000000080032a4        0x0
                0x00000000080032a4                __exidx_start = .
 *(.ARM.exidx*)
                0x00000000080032a4                __exidx_end = .

.preinit_array  0x00000000080032a4        0x0
                0x00000000080032a4                PROVIDE (__preinit_array_start = .)
 *(.preinit_array*)
                0x00000000080032a4                PROVIDE (__preinit_array_end = .)

.init_array     0x00000000080032a4        0x4
                0x00000000080032a4                PROVIDE (__init_array_start = .)
 *(SORT_BY_NAME(.init_array.*))
 *(.init_array*)
 .init_array    0x00000000080032a4        0x4 c:/st/stm32cubeide_1.5.1/stm32cubeide/plugins/com.st.stm32cube.ide.mcu.externaltools.gnu-tools-for-stm32.9-2020-q2-update.win32_1.5.0.202011040924/tools/bin/../lib/gcc/arm-none-eabi/9.3.1/thumb/v7e-m+fp/hard/crtbegin.o
                0x00000000080032a8                PROVIDE (__init_array_end = .)

.fini_array     0x00000000080032a8        0x4
                [!provide]                        PROVIDE (__fini_array_start = .)
 *(SORT_BY_NAME(.fini_array.*))
 *(.fini_array*)
 .fini_array    0x00000000080032a8        0x4 c:/st/stm32cubeide_1.5.1/stm32cubeide/plugins/com.st.stm32cube.ide.mcu.externaltools.gnu-tools-for-stm32.9-2020-q2-update.win32_1.5.0.202011040924/tools/bin/../lib/gcc/arm-none-eabi/9.3.1/thumb/v7e-m+fp/hard/crtbegin.o
                [!provide]                        PROVIDE (__fini_array_end = .)
                0x00000000080032ac                _sidata = LOADADDR (.data)

.data           0x0000000020000004        0xc load address 0x00000000080032ac
                0x0000000020000004                . = ALIGN (0x4)
                0x0000000020000004                _sdata = .
 *(.data)
 *(.data*)
 .data.SystemCoreClock
                0x0000000020000004        0x4 Core/Src/system_stm32wbxx.o
                0x0000000020000004                SystemCoreClock
 .data.uwTickPrio
                0x0000000020000008        0x4 Drivers/STM32WBxx_HAL_Driver/Src/stm32wbxx_hal.o
                0x0000000020000008                uwTickPrio
 .data.uwTickFreq
                0x000000002000000c        0x1 Drivers/STM32WBxx_HAL_Driver/Src/stm32wbxx_hal.o
                0x000000002000000c                uwTickFreq
 *(.RamFunc)
 *(.RamFunc*)
                0x0000000020000010                . = ALIGN (0x4)
 *fill*         0x000000002000000d        0x3 
                0x0000000020000010                _edata = .

.igot.plt       0x0000000020000010        0x0 load address 0x00000000080032b8
 .igot.plt      0x0000000020000010        0x0 c:/st/stm32cubeide_1.5.1/stm32cubeide/plugins/com.st.stm32cube.ide.mcu.externaltools.gnu-tools-for-stm32.9-2020-q2-update.win32_1.5.0.202011040924/tools/bin/../lib/gcc/arm-none-eabi/9.3.1/thumb/v7e-m+fp/hard/crtbegin.o
                0x0000000020000010                . = ALIGN (0x4)

.bss            0x0000000020000010      0x39c load address 0x00000000080032b8
                0x0000000020000010                _sbss = .
                0x0000000020000010                __bss_start__ = _sbss
 *(.bss)
 .bss           0x0000000020000010       0x1c c:/st/stm32cubeide_1.5.1/stm32cubeide/plugins/com.st.stm32cube.ide.mcu.externaltools.gnu-tools-for-stm32.9-2020-q2-update.win32_1.5.0.202011040924/tools/bin/../lib/gcc/arm-none-eabi/9.3.1/thumb/v7e-m+fp/hard/crtbegin.o
 *(.bss*)
 *(COMMON)
 COMMON         0x000000002000002c       0x4c Core/Src/i2c.o
                0x000000002000002c                hi2c1
 COMMON         0x0000000020000078       0x3c Core/Src/ipcc.o
                0x0000000020000078                hipcc
 COMMON         0x00000000200000b4      0x2f4 Core/Src/usb.o
                0x00000000200000b4                hpcd_USB_FS
 COMMON         0x00000000200003a8        0x4 Drivers/STM32WBxx_HAL_Driver/Src/stm32wbxx_hal.o
                0x00000000200003a8                uwTick
                0x00000000200003ac                . = ALIGN (0x4)
                0x00000000200003ac                _ebss = .
                0x00000000200003ac                __bss_end__ = _ebss

._user_heap_stack
                0x00000000200003ac      0x604 load address 0x00000000080032b8
                0x00000000200003b0                . = ALIGN (0x8)
 *fill*         0x00000000200003ac        0x4 
                [!provide]                        PROVIDE (end = .)
                0x00000000200003b0                PROVIDE (_end = .)
                0x00000000200005b0                . = (. + _Min_Heap_Size)
 *fill*         0x00000000200003b0      0x200 
                0x00000000200009b0                . = (. + _Min_Stack_Size)
 *fill*         0x00000000200005b0      0x400 
                0x00000000200009b0                . = ALIGN (0x8)

/DISCARD/
 libc.a(*)
 libm.a(*)
 libgcc.a(*)

.ARM.attributes
                0x0000000000000000       0x30
 *(.ARM.attributes)
 .ARM.attributes
                0x0000000000000000       0x1e c:/st/stm32cubeide_1.5.1/stm32cubeide/plugins/com.st.stm32cube.ide.mcu.externaltools.gnu-tools-for-stm32.9-2020-q2-update.win32_1.5.0.202011040924/tools/bin/../lib/gcc/arm-none-eabi/9.3.1/thumb/v7e-m+fp/hard/crti.o
 .ARM.attributes
                0x000000000000001e       0x34 c:/st/stm32cubeide_1.5.1/stm32cubeide/plugins/com.st.stm32cube.ide.mcu.externaltools.gnu-tools-for-stm32.9-2020-q2-update.win32_1.5.0.202011040924/tools/bin/../lib/gcc/arm-none-eabi/9.3.1/thumb/v7e-m+fp/hard/crtbegin.o
 .ARM.attributes
                0x0000000000000052       0x34 Core/Src/gpio.o
 .ARM.attributes
                0x0000000000000086       0x34 Core/Src/i2c.o
 .ARM.attributes
                0x00000000000000ba       0x34 Core/Src/ipcc.o
 .ARM.attributes
                0x00000000000000ee       0x34 Core/Src/main.o
 .ARM.attributes
                0x0000000000000122       0x34 Core/Src/stm32wbxx_hal_msp.o
 .ARM.attributes
                0x0000000000000156       0x34 Core/Src/stm32wbxx_it.o
 .ARM.attributes
                0x000000000000018a       0x34 Core/Src/system_stm32wbxx.o
 .ARM.attributes
                0x00000000000001be       0x34 Core/Src/usb.o
 .ARM.attributes
                0x00000000000001f2       0x21 Core/Startup/startup_stm32wb55cgux.o
 .ARM.attributes
                0x0000000000000213       0x34 Drivers/STM32WBxx_HAL_Driver/Src/stm32wbxx_hal.o
 .ARM.attributes
                0x0000000000000247       0x34 Drivers/STM32WBxx_HAL_Driver/Src/stm32wbxx_hal_cortex.o
 .ARM.attributes
                0x000000000000027b       0x34 Drivers/STM32WBxx_HAL_Driver/Src/stm32wbxx_hal_gpio.o
 .ARM.attributes
                0x00000000000002af       0x34 Drivers/STM32WBxx_HAL_Driver/Src/stm32wbxx_hal_hsem.o
 .ARM.attributes
                0x00000000000002e3       0x34 Drivers/STM32WBxx_HAL_Driver/Src/stm32wbxx_hal_i2c.o
 .ARM.attributes
                0x0000000000000317       0x34 Drivers/STM32WBxx_HAL_Driver/Src/stm32wbxx_hal_i2c_ex.o
 .ARM.attributes
                0x000000000000034b       0x34 Drivers/STM32WBxx_HAL_Driver/Src/stm32wbxx_hal_ipcc.o
 .ARM.attributes
                0x000000000000037f       0x34 Drivers/STM32WBxx_HAL_Driver/Src/stm32wbxx_hal_pcd.o
 .ARM.attributes
                0x00000000000003b3       0x34 Drivers/STM32WBxx_HAL_Driver/Src/stm32wbxx_hal_pcd_ex.o
 .ARM.attributes
                0x00000000000003e7       0x34 Drivers/STM32WBxx_HAL_Driver/Src/stm32wbxx_hal_pwr.o
 .ARM.attributes
                0x000000000000041b       0x34 Drivers/STM32WBxx_HAL_Driver/Src/stm32wbxx_hal_pwr_ex.o
 .ARM.attributes
                0x000000000000044f       0x34 Drivers/STM32WBxx_HAL_Driver/Src/stm32wbxx_hal_rcc.o
 .ARM.attributes
                0x0000000000000483       0x34 Drivers/STM32WBxx_HAL_Driver/Src/stm32wbxx_hal_rcc_ex.o
 .ARM.attributes
                0x00000000000004b7       0x34 Drivers/STM32WBxx_HAL_Driver/Src/stm32wbxx_ll_usb.o
 .ARM.attributes
                0x00000000000004eb       0x34 c:/st/stm32cubeide_1.5.1/stm32cubeide/plugins/com.st.stm32cube.ide.mcu.externaltools.gnu-tools-for-stm32.9-2020-q2-update.win32_1.5.0.202011040924/tools/bin/../lib/gcc/arm-none-eabi/9.3.1/../../../../arm-none-eabi/lib/thumb/v7e-m+fp/hard\libc_nano.a(lib_a-init.o)
 .ARM.attributes
                0x000000000000051f       0x34 c:/st/stm32cubeide_1.5.1/stm32cubeide/plugins/com.st.stm32cube.ide.mcu.externaltools.gnu-tools-for-stm32.9-2020-q2-update.win32_1.5.0.202011040924/tools/bin/../lib/gcc/arm-none-eabi/9.3.1/../../../../arm-none-eabi/lib/thumb/v7e-m+fp/hard\libc_nano.a(lib_a-memset.o)
 .ARM.attributes
                0x0000000000000553       0x1e c:/st/stm32cubeide_1.5.1/stm32cubeide/plugins/com.st.stm32cube.ide.mcu.externaltools.gnu-tools-for-stm32.9-2020-q2-update.win32_1.5.0.202011040924/tools/bin/../lib/gcc/arm-none-eabi/9.3.1/thumb/v7e-m+fp/hard/crtn.o

MAPPING_TABLE
 *(MAPPING_TABLE)

MB_MEM1
 *(MB_MEM1)

MB_MEM2         0x0000000020030000        0x0
                0x0000000020030000                _sMB_MEM2 = .
 *(MB_MEM2)
                0x0000000020030000                _eMB_MEM2 = .
OUTPUT(SoilSensor.elf elf32-littlearm)
LOAD linker stubs
LOAD c:/st/stm32cubeide_1.5.1/stm32cubeide/plugins/com.st.stm32cube.ide.mcu.externaltools.gnu-tools-for-stm32.9-2020-q2-update.win32_1.5.0.202011040924/tools/bin/../lib/gcc/arm-none-eabi/9.3.1/../../../../arm-none-eabi/lib/thumb/v7e-m+fp/hard\libc.a
LOAD c:/st/stm32cubeide_1.5.1/stm32cubeide/plugins/com.st.stm32cube.ide.mcu.externaltools.gnu-tools-for-stm32.9-2020-q2-update.win32_1.5.0.202011040924/tools/bin/../lib/gcc/arm-none-eabi/9.3.1/../../../../arm-none-eabi/lib/thumb/v7e-m+fp/hard\libm.a
LOAD c:/st/stm32cubeide_1.5.1/stm32cubeide/plugins/com.st.stm32cube.ide.mcu.externaltools.gnu-tools-for-stm32.9-2020-q2-update.win32_1.5.0.202011040924/tools/bin/../lib/gcc/arm-none-eabi/9.3.1/thumb/v7e-m+fp/hard\libgcc.a

.debug_info     0x0000000000000000    0x14afd
 .debug_info    0x0000000000000000      0x757 Core/Src/gpio.o
 .debug_info    0x0000000000000757      0xe6e Core/Src/i2c.o
 .debug_info    0x00000000000015c5      0x82e Core/Src/ipcc.o
 .debug_info    0x0000000000001df3     0x18df Core/Src/main.o
 .debug_info    0x00000000000036d2      0x7bf Core/Src/stm32wbxx_hal_msp.o
 .debug_info    0x0000000000003e91      0x2ea Core/Src/stm32wbxx_it.o
 .debug_info    0x000000000000417b      0x85d Core/Src/system_stm32wbxx.o
 .debug_info    0x00000000000049d8      0xd36 Core/Src/usb.o
 .debug_info    0x000000000000570e       0x22 Core/Startup/startup_stm32wb55cgux.o
 .debug_info    0x0000000000005730     0x1461 Drivers/STM32WBxx_HAL_Driver/Src/stm32wbxx_hal.o
 .debug_info    0x0000000000006b91      0xecb Drivers/STM32WBxx_HAL_Driver/Src/stm32wbxx_hal_cortex.o
 .debug_info    0x0000000000007a5c      0x891 Drivers/STM32WBxx_HAL_Driver/Src/stm32wbxx_hal_gpio.o
 .debug_info    0x00000000000082ed      0x587 Drivers/STM32WBxx_HAL_Driver/Src/stm32wbxx_hal_hsem.o
 .debug_info    0x0000000000008874     0x23a2 Drivers/STM32WBxx_HAL_Driver/Src/stm32wbxx_hal_i2c.o
 .debug_info    0x000000000000ac16      0xae7 Drivers/STM32WBxx_HAL_Driver/Src/stm32wbxx_hal_i2c_ex.o
 .debug_info    0x000000000000b6fd      0x9cd Drivers/STM32WBxx_HAL_Driver/Src/stm32wbxx_hal_ipcc.o
 .debug_info    0x000000000000c0ca     0x153a Drivers/STM32WBxx_HAL_Driver/Src/stm32wbxx_hal_pcd.o
 .debug_info    0x000000000000d604      0x9ea Drivers/STM32WBxx_HAL_Driver/Src/stm32wbxx_hal_pcd_ex.o
 .debug_info    0x000000000000dfee      0xa9f Drivers/STM32WBxx_HAL_Driver/Src/stm32wbxx_hal_pwr.o
 .debug_info    0x000000000000ea8d     0x1257 Drivers/STM32WBxx_HAL_Driver/Src/stm32wbxx_hal_pwr_ex.o
 .debug_info    0x000000000000fce4     0x16c3 Drivers/STM32WBxx_HAL_Driver/Src/stm32wbxx_hal_rcc.o
 .debug_info    0x00000000000113a7     0x1e49 Drivers/STM32WBxx_HAL_Driver/Src/stm32wbxx_hal_rcc_ex.o
 .debug_info    0x00000000000131f0     0x190d Drivers/STM32WBxx_HAL_Driver/Src/stm32wbxx_ll_usb.o

.debug_abbrev   0x0000000000000000     0x30c8
 .debug_abbrev  0x0000000000000000      0x196 Core/Src/gpio.o
 .debug_abbrev  0x0000000000000196      0x226 Core/Src/i2c.o
 .debug_abbrev  0x00000000000003bc      0x1f2 Core/Src/ipcc.o
 .debug_abbrev  0x00000000000005ae      0x246 Core/Src/main.o
 .debug_abbrev  0x00000000000007f4      0x16c Core/Src/stm32wbxx_hal_msp.o
 .debug_abbrev  0x0000000000000960       0xf2 Core/Src/stm32wbxx_it.o
 .debug_abbrev  0x0000000000000a52      0x185 Core/Src/system_stm32wbxx.o
 .debug_abbrev  0x0000000000000bd7      0x21a Core/Src/usb.o
 .debug_abbrev  0x0000000000000df1       0x12 Core/Startup/startup_stm32wb55cgux.o
 .debug_abbrev  0x0000000000000e03      0x321 Drivers/STM32WBxx_HAL_Driver/Src/stm32wbxx_hal.o
 .debug_abbrev  0x0000000000001124      0x333 Drivers/STM32WBxx_HAL_Driver/Src/stm32wbxx_hal_cortex.o
 .debug_abbrev  0x0000000000001457      0x1ff Drivers/STM32WBxx_HAL_Driver/Src/stm32wbxx_hal_gpio.o
 .debug_abbrev  0x0000000000001656      0x22e Drivers/STM32WBxx_HAL_Driver/Src/stm32wbxx_hal_hsem.o
 .debug_abbrev  0x0000000000001884      0x256 Drivers/STM32WBxx_HAL_Driver/Src/stm32wbxx_hal_i2c.o
 .debug_abbrev  0x0000000000001ada      0x1e3 Drivers/STM32WBxx_HAL_Driver/Src/stm32wbxx_hal_i2c_ex.o
 .debug_abbrev  0x0000000000001cbd      0x272 Drivers/STM32WBxx_HAL_Driver/Src/stm32wbxx_hal_ipcc.o
 .debug_abbrev  0x0000000000001f2f      0x29e Drivers/STM32WBxx_HAL_Driver/Src/stm32wbxx_hal_pcd.o
 .debug_abbrev  0x00000000000021cd      0x219 Drivers/STM32WBxx_HAL_Driver/Src/stm32wbxx_hal_pcd_ex.o
 .debug_abbrev  0x00000000000023e6      0x1dd Drivers/STM32WBxx_HAL_Driver/Src/stm32wbxx_hal_pwr.o
 .debug_abbrev  0x00000000000025c3      0x314 Drivers/STM32WBxx_HAL_Driver/Src/stm32wbxx_hal_pwr_ex.o
 .debug_abbrev  0x00000000000028d7      0x27c Drivers/STM32WBxx_HAL_Driver/Src/stm32wbxx_hal_rcc.o
 .debug_abbrev  0x0000000000002b53      0x319 Drivers/STM32WBxx_HAL_Driver/Src/stm32wbxx_hal_rcc_ex.o
 .debug_abbrev  0x0000000000002e6c      0x25c Drivers/STM32WBxx_HAL_Driver/Src/stm32wbxx_ll_usb.o

.debug_aranges  0x0000000000000000     0x1590
 .debug_aranges
                0x0000000000000000       0x28 Core/Src/gpio.o
 .debug_aranges
                0x0000000000000028       0x48 Core/Src/i2c.o
 .debug_aranges
                0x0000000000000070       0x40 Core/Src/ipcc.o
 .debug_aranges
                0x00000000000000b0       0x38 Core/Src/main.o
 .debug_aranges
                0x00000000000000e8       0x28 Core/Src/stm32wbxx_hal_msp.o
 .debug_aranges
                0x0000000000000110       0x68 Core/Src/stm32wbxx_it.o
 .debug_aranges
                0x0000000000000178       0x28 Core/Src/system_stm32wbxx.o
 .debug_aranges
                0x00000000000001a0       0x48 Core/Src/usb.o
 .debug_aranges
                0x00000000000001e8       0x30 Core/Startup/startup_stm32wb55cgux.o
 .debug_aranges
                0x0000000000000218      0x280 Drivers/STM32WBxx_HAL_Driver/Src/stm32wbxx_hal.o
 .debug_aranges
                0x0000000000000498      0x108 Drivers/STM32WBxx_HAL_Driver/Src/stm32wbxx_hal_cortex.o
 .debug_aranges
                0x00000000000005a0       0x58 Drivers/STM32WBxx_HAL_Driver/Src/stm32wbxx_hal_gpio.o
 .debug_aranges
                0x00000000000005f8       0x70 Drivers/STM32WBxx_HAL_Driver/Src/stm32wbxx_hal_hsem.o
 .debug_aranges
                0x0000000000000668      0x290 Drivers/STM32WBxx_HAL_Driver/Src/stm32wbxx_hal_i2c.o
 .debug_aranges
                0x00000000000008f8       0x48 Drivers/STM32WBxx_HAL_Driver/Src/stm32wbxx_hal_i2c_ex.o
 .debug_aranges
                0x0000000000000940       0xa0 Drivers/STM32WBxx_HAL_Driver/Src/stm32wbxx_hal_ipcc.o
 .debug_aranges
                0x00000000000009e0      0x130 Drivers/STM32WBxx_HAL_Driver/Src/stm32wbxx_hal_pcd.o
 .debug_aranges
                0x0000000000000b10       0x58 Drivers/STM32WBxx_HAL_Driver/Src/stm32wbxx_hal_pcd_ex.o
 .debug_aranges
                0x0000000000000b68       0xd0 Drivers/STM32WBxx_HAL_Driver/Src/stm32wbxx_hal_pwr.o
 .debug_aranges
                0x0000000000000c38      0x288 Drivers/STM32WBxx_HAL_Driver/Src/stm32wbxx_hal_pwr_ex.o
 .debug_aranges
                0x0000000000000ec0      0x290 Drivers/STM32WBxx_HAL_Driver/Src/stm32wbxx_hal_rcc.o
 .debug_aranges
                0x0000000000001150      0x390 Drivers/STM32WBxx_HAL_Driver/Src/stm32wbxx_hal_rcc_ex.o
 .debug_aranges
                0x00000000000014e0       0xb0 Drivers/STM32WBxx_HAL_Driver/Src/stm32wbxx_ll_usb.o

.debug_ranges   0x0000000000000000     0x1428
 .debug_ranges  0x0000000000000000       0x18 Core/Src/gpio.o
 .debug_ranges  0x0000000000000018       0x38 Core/Src/i2c.o
 .debug_ranges  0x0000000000000050       0x30 Core/Src/ipcc.o
 .debug_ranges  0x0000000000000080       0x28 Core/Src/main.o
 .debug_ranges  0x00000000000000a8       0x18 Core/Src/stm32wbxx_hal_msp.o
 .debug_ranges  0x00000000000000c0       0x58 Core/Src/stm32wbxx_it.o
 .debug_ranges  0x0000000000000118       0x18 Core/Src/system_stm32wbxx.o
 .debug_ranges  0x0000000000000130       0x38 Core/Src/usb.o
 .debug_ranges  0x0000000000000168       0x28 Core/Startup/startup_stm32wb55cgux.o
 .debug_ranges  0x0000000000000190      0x270 Drivers/STM32WBxx_HAL_Driver/Src/stm32wbxx_hal.o
 .debug_ranges  0x0000000000000400       0xf8 Drivers/STM32WBxx_HAL_Driver/Src/stm32wbxx_hal_cortex.o
 .debug_ranges  0x00000000000004f8       0x48 Drivers/STM32WBxx_HAL_Driver/Src/stm32wbxx_hal_gpio.o
 .debug_ranges  0x0000000000000540       0x60 Drivers/STM32WBxx_HAL_Driver/Src/stm32wbxx_hal_hsem.o
 .debug_ranges  0x00000000000005a0      0x280 Drivers/STM32WBxx_HAL_Driver/Src/stm32wbxx_hal_i2c.o
 .debug_ranges  0x0000000000000820       0x38 Drivers/STM32WBxx_HAL_Driver/Src/stm32wbxx_hal_i2c_ex.o
 .debug_ranges  0x0000000000000858       0x90 Drivers/STM32WBxx_HAL_Driver/Src/stm32wbxx_hal_ipcc.o
 .debug_ranges  0x00000000000008e8      0x120 Drivers/STM32WBxx_HAL_Driver/Src/stm32wbxx_hal_pcd.o
 .debug_ranges  0x0000000000000a08       0x48 Drivers/STM32WBxx_HAL_Driver/Src/stm32wbxx_hal_pcd_ex.o
 .debug_ranges  0x0000000000000a50       0xc0 Drivers/STM32WBxx_HAL_Driver/Src/stm32wbxx_hal_pwr.o
 .debug_ranges  0x0000000000000b10      0x278 Drivers/STM32WBxx_HAL_Driver/Src/stm32wbxx_hal_pwr_ex.o
 .debug_ranges  0x0000000000000d88      0x280 Drivers/STM32WBxx_HAL_Driver/Src/stm32wbxx_hal_rcc.o
 .debug_ranges  0x0000000000001008      0x380 Drivers/STM32WBxx_HAL_Driver/Src/stm32wbxx_hal_rcc_ex.o
 .debug_ranges  0x0000000000001388       0xa0 Drivers/STM32WBxx_HAL_Driver/Src/stm32wbxx_ll_usb.o

.debug_macro    0x0000000000000000    0x21c08
 .debug_macro   0x0000000000000000      0x264 Core/Src/gpio.o
 .debug_macro   0x0000000000000264      0xaa8 Core/Src/gpio.o
 .debug_macro   0x0000000000000d0c      0x13c Core/Src/gpio.o
 .debug_macro   0x0000000000000e48       0x2e Core/Src/gpio.o
 .debug_macro   0x0000000000000e76       0x2e Core/Src/gpio.o
 .debug_macro   0x0000000000000ea4       0x22 Core/Src/gpio.o
 .debug_macro   0x0000000000000ec6       0x8e Core/Src/gpio.o
 .debug_macro   0x0000000000000f54       0x51 Core/Src/gpio.o
 .debug_macro   0x0000000000000fa5      0x103 Core/Src/gpio.o
 .debug_macro   0x00000000000010a8       0x6a Core/Src/gpio.o
 .debug_macro   0x0000000000001112      0x1df Core/Src/gpio.o
 .debug_macro   0x00000000000012f1       0x1c Core/Src/gpio.o
 .debug_macro   0x000000000000130d       0x22 Core/Src/gpio.o
 .debug_macro   0x000000000000132f      0x101 Core/Src/gpio.o
 .debug_macro   0x0000000000001430     0x1011 Core/Src/gpio.o
 .debug_macro   0x0000000000002441      0x11f Core/Src/gpio.o
 .debug_macro   0x0000000000002560    0x12acd Core/Src/gpio.o
 .debug_macro   0x000000000001502d       0x42 Core/Src/gpio.o
 .debug_macro   0x000000000001506f     0x347d Core/Src/gpio.o
 .debug_macro   0x00000000000184ec      0x174 Core/Src/gpio.o
 .debug_macro   0x0000000000018660       0x5c Core/Src/gpio.o
 .debug_macro   0x00000000000186bc      0x3f5 Core/Src/gpio.o
 .debug_macro   0x0000000000018ab1      0x286 Core/Src/gpio.o
 .debug_macro   0x0000000000018d37      0x30d Core/Src/gpio.o
 .debug_macro   0x0000000000019044      0x17e Core/Src/gpio.o
 .debug_macro   0x00000000000191c2       0x43 Core/Src/gpio.o
 .debug_macro   0x0000000000019205      0x236 Core/Src/gpio.o
 .debug_macro   0x000000000001943b      0x24a Core/Src/gpio.o
 .debug_macro   0x0000000000019685      0x57b Core/Src/gpio.o
 .debug_macro   0x0000000000019c00       0x1c Core/Src/gpio.o
 .debug_macro   0x0000000000019c1c      0x100 Core/Src/gpio.o
 .debug_macro   0x0000000000019d1c      0x137 Core/Src/gpio.o
 .debug_macro   0x0000000000019e53      0x1ce Core/Src/gpio.o
 .debug_macro   0x000000000001a021       0x4a Core/Src/gpio.o
 .debug_macro   0x000000000001a06b      0x22c Core/Src/gpio.o
 .debug_macro   0x000000000001a297       0x55 Core/Src/gpio.o
 .debug_macro   0x000000000001a2ec       0xa5 Core/Src/gpio.o
 .debug_macro   0x000000000001a391       0x4a Core/Src/gpio.o
 .debug_macro   0x000000000001a3db       0x65 Core/Src/gpio.o
 .debug_macro   0x000000000001a440      0x234 Core/Src/gpio.o
 .debug_macro   0x000000000001a674      0x381 Core/Src/gpio.o
 .debug_macro   0x000000000001a9f5      0x13e Core/Src/gpio.o
 .debug_macro   0x000000000001ab33      0x141 Core/Src/gpio.o
 .debug_macro   0x000000000001ac74      0x500 Core/Src/gpio.o
 .debug_macro   0x000000000001b174      0x874 Core/Src/gpio.o
 .debug_macro   0x000000000001b9e8      0x259 Core/Src/gpio.o
 .debug_macro   0x000000000001bc41     0x1b24 Core/Src/gpio.o
 .debug_macro   0x000000000001d765       0xe4 Core/Src/gpio.o
 .debug_macro   0x000000000001d849      0x5dc Core/Src/gpio.o
 .debug_macro   0x000000000001de25      0x557 Core/Src/gpio.o
 .debug_macro   0x000000000001e37c      0x433 Core/Src/gpio.o
 .debug_macro   0x000000000001e7af       0xdc Core/Src/gpio.o
 .debug_macro   0x000000000001e88b      0x264 Core/Src/i2c.o
 .debug_macro   0x000000000001eaef      0x264 Core/Src/ipcc.o
 .debug_macro   0x000000000001ed53      0x286 Core/Src/main.o
 .debug_macro   0x000000000001efd9      0x25a Core/Src/stm32wbxx_hal_msp.o
 .debug_macro   0x000000000001f233      0x264 Core/Src/stm32wbxx_it.o
 .debug_macro   0x000000000001f497      0x24b Core/Src/system_stm32wbxx.o
 .debug_macro   0x000000000001f6e2      0x264 Core/Src/usb.o
 .debug_macro   0x000000000001f946      0x26f Drivers/STM32WBxx_HAL_Driver/Src/stm32wbxx_hal.o
 .debug_macro   0x000000000001fbb5      0x24b Drivers/STM32WBxx_HAL_Driver/Src/stm32wbxx_hal_cortex.o
 .debug_macro   0x000000000001fe00      0x283 Drivers/STM32WBxx_HAL_Driver/Src/stm32wbxx_hal_gpio.o
 .debug_macro   0x0000000000020083      0x24b Drivers/STM32WBxx_HAL_Driver/Src/stm32wbxx_hal_hsem.o
 .debug_macro   0x00000000000202ce      0x310 Drivers/STM32WBxx_HAL_Driver/Src/stm32wbxx_hal_i2c.o
 .debug_macro   0x00000000000205de      0x24b Drivers/STM32WBxx_HAL_Driver/Src/stm32wbxx_hal_i2c_ex.o
 .debug_macro   0x0000000000020829      0x25d Drivers/STM32WBxx_HAL_Driver/Src/stm32wbxx_hal_ipcc.o
 .debug_macro   0x0000000000020a86      0x257 Drivers/STM32WBxx_HAL_Driver/Src/stm32wbxx_hal_pcd.o
 .debug_macro   0x0000000000020cdd      0x24b Drivers/STM32WBxx_HAL_Driver/Src/stm32wbxx_hal_pcd_ex.o
 .debug_macro   0x0000000000020f28      0x2bd Drivers/STM32WBxx_HAL_Driver/Src/stm32wbxx_hal_pwr.o
 .debug_macro   0x00000000000211e5      0x25d Drivers/STM32WBxx_HAL_Driver/Src/stm32wbxx_hal_pwr_ex.o
 .debug_macro   0x0000000000021442      0x2db Drivers/STM32WBxx_HAL_Driver/Src/stm32wbxx_hal_rcc.o
 .debug_macro   0x000000000002171d      0x2a0 Drivers/STM32WBxx_HAL_Driver/Src/stm32wbxx_hal_rcc_ex.o
 .debug_macro   0x00000000000219bd      0x24b Drivers/STM32WBxx_HAL_Driver/Src/stm32wbxx_ll_usb.o

.debug_line     0x0000000000000000    0x13d90
 .debug_line    0x0000000000000000      0x810 Core/Src/gpio.o
 .debug_line    0x0000000000000810      0x898 Core/Src/i2c.o
 .debug_line    0x00000000000010a8      0x838 Core/Src/ipcc.o
 .debug_line    0x00000000000018e0      0x8d8 Core/Src/main.o
 .debug_line    0x00000000000021b8      0x7e0 Core/Src/stm32wbxx_hal_msp.o
 .debug_line    0x0000000000002998      0x896 Core/Src/stm32wbxx_it.o
 .debug_line    0x000000000000322e      0x85a Core/Src/system_stm32wbxx.o
 .debug_line    0x0000000000003a88      0x87f Core/Src/usb.o
 .debug_line    0x0000000000004307       0x91 Core/Startup/startup_stm32wb55cgux.o
 .debug_line    0x0000000000004398     0x1041 Drivers/STM32WBxx_HAL_Driver/Src/stm32wbxx_hal.o
 .debug_line    0x00000000000053d9      0xd0b Drivers/STM32WBxx_HAL_Driver/Src/stm32wbxx_hal_cortex.o
 .debug_line    0x00000000000060e4      0xbcc Drivers/STM32WBxx_HAL_Driver/Src/stm32wbxx_hal_gpio.o
 .debug_line    0x0000000000006cb0      0x91f Drivers/STM32WBxx_HAL_Driver/Src/stm32wbxx_hal_hsem.o
 .debug_line    0x00000000000075cf     0x337c Drivers/STM32WBxx_HAL_Driver/Src/stm32wbxx_hal_i2c.o
 .debug_line    0x000000000000a94b      0x9d7 Drivers/STM32WBxx_HAL_Driver/Src/stm32wbxx_hal_i2c_ex.o
 .debug_line    0x000000000000b322      0xb68 Drivers/STM32WBxx_HAL_Driver/Src/stm32wbxx_hal_ipcc.o
 .debug_line    0x000000000000be8a     0x1372 Drivers/STM32WBxx_HAL_Driver/Src/stm32wbxx_hal_pcd.o
 .debug_line    0x000000000000d1fc      0x930 Drivers/STM32WBxx_HAL_Driver/Src/stm32wbxx_hal_pcd_ex.o
 .debug_line    0x000000000000db2c      0xa5c Drivers/STM32WBxx_HAL_Driver/Src/stm32wbxx_hal_pwr.o
 .debug_line    0x000000000000e588     0x1180 Drivers/STM32WBxx_HAL_Driver/Src/stm32wbxx_hal_pwr_ex.o
 .debug_line    0x000000000000f708     0x18d9 Drivers/STM32WBxx_HAL_Driver/Src/stm32wbxx_hal_rcc.o
 .debug_line    0x0000000000010fe1     0x1d0c Drivers/STM32WBxx_HAL_Driver/Src/stm32wbxx_hal_rcc_ex.o
 .debug_line    0x0000000000012ced     0x10a3 Drivers/STM32WBxx_HAL_Driver/Src/stm32wbxx_ll_usb.o

.debug_str      0x0000000000000000    0xd1f09
 .debug_str     0x0000000000000000    0xcbcc1 Core/Src/gpio.o
                                      0xcc848 (size before relaxing)
 .debug_str     0x00000000000cbcc1      0x5a6 Core/Src/i2c.o
                                      0xcce1b (size before relaxing)
 .debug_str     0x00000000000cc267      0x1af Core/Src/ipcc.o
                                      0xcc95d (size before relaxing)
 .debug_str     0x00000000000cc416      0x6b7 Core/Src/main.o
                                      0xcd577 (size before relaxing)
 .debug_str     0x00000000000ccacd      0x434 Core/Src/stm32wbxx_hal_msp.o
                                      0xccbbd (size before relaxing)
 .debug_str     0x00000000000ccf01       0xbd Core/Src/stm32wbxx_it.o
                                      0xcc606 (size before relaxing)
 .debug_str     0x00000000000ccfbe       0xb8 Core/Src/system_stm32wbxx.o
                                      0xcc4e4 (size before relaxing)
 .debug_str     0x00000000000cd076       0x4e Core/Src/usb.o
                                      0xccbd2 (size before relaxing)
 .debug_str     0x00000000000cd0c4       0x36 Core/Startup/startup_stm32wb55cgux.o
                                         0x4e (size before relaxing)
 .debug_str     0x00000000000cd0fa      0x974 Drivers/STM32WBxx_HAL_Driver/Src/stm32wbxx_hal.o
                                      0xcd333 (size before relaxing)
 .debug_str     0x00000000000cda6e      0x376 Drivers/STM32WBxx_HAL_Driver/Src/stm32wbxx_hal_cortex.o
                                      0xccb85 (size before relaxing)
 .debug_str     0x00000000000cdde4      0x21b Drivers/STM32WBxx_HAL_Driver/Src/stm32wbxx_hal_gpio.o
                                      0xcc597 (size before relaxing)
 .debug_str     0x00000000000cdfff      0x1a9 Drivers/STM32WBxx_HAL_Driver/Src/stm32wbxx_hal_hsem.o
                                      0xcc3e7 (size before relaxing)
 .debug_str     0x00000000000ce1a8      0xd38 Drivers/STM32WBxx_HAL_Driver/Src/stm32wbxx_hal_i2c.o
                                      0xcd63f (size before relaxing)
 .debug_str     0x00000000000ceee0       0xb8 Drivers/STM32WBxx_HAL_Driver/Src/stm32wbxx_hal_i2c_ex.o
                                      0xcc91d (size before relaxing)
 .debug_str     0x00000000000cef98      0x292 Drivers/STM32WBxx_HAL_Driver/Src/stm32wbxx_hal_ipcc.o
                                      0xcc63f (size before relaxing)
 .debug_str     0x00000000000cf22a      0x3b6 Drivers/STM32WBxx_HAL_Driver/Src/stm32wbxx_hal_pcd.o
                                      0xcc9da (size before relaxing)
 .debug_str     0x00000000000cf5e0      0x1c6 Drivers/STM32WBxx_HAL_Driver/Src/stm32wbxx_hal_pcd_ex.o
                                      0xcc7b2 (size before relaxing)
 .debug_str     0x00000000000cf7a6      0x55d Drivers/STM32WBxx_HAL_Driver/Src/stm32wbxx_hal_pwr.o
                                      0xcc92e (size before relaxing)
 .debug_str     0x00000000000cfd03      0x899 Drivers/STM32WBxx_HAL_Driver/Src/stm32wbxx_hal_pwr_ex.o
                                      0xcce6c (size before relaxing)
 .debug_str     0x00000000000d059c      0xb02 Drivers/STM32WBxx_HAL_Driver/Src/stm32wbxx_hal_rcc.o
                                      0xcd2c7 (size before relaxing)
 .debug_str     0x00000000000d109e      0xc75 Drivers/STM32WBxx_HAL_Driver/Src/stm32wbxx_hal_rcc_ex.o
                                      0xcd716 (size before relaxing)
 .debug_str     0x00000000000d1d13      0x1f6 Drivers/STM32WBxx_HAL_Driver/Src/stm32wbxx_ll_usb.o
                                      0xcc6d0 (size before relaxing)

.comment        0x0000000000000000       0x53
 .comment       0x0000000000000000       0x53 Core/Src/gpio.o
                                         0x54 (size before relaxing)
 .comment       0x0000000000000053       0x54 Core/Src/i2c.o
 .comment       0x0000000000000053       0x54 Core/Src/ipcc.o
 .comment       0x0000000000000053       0x54 Core/Src/main.o
 .comment       0x0000000000000053       0x54 Core/Src/stm32wbxx_hal_msp.o
 .comment       0x0000000000000053       0x54 Core/Src/stm32wbxx_it.o
 .comment       0x0000000000000053       0x54 Core/Src/system_stm32wbxx.o
 .comment       0x0000000000000053       0x54 Core/Src/usb.o
 .comment       0x0000000000000053       0x54 Drivers/STM32WBxx_HAL_Driver/Src/stm32wbxx_hal.o
 .comment       0x0000000000000053       0x54 Drivers/STM32WBxx_HAL_Driver/Src/stm32wbxx_hal_cortex.o
 .comment       0x0000000000000053       0x54 Drivers/STM32WBxx_HAL_Driver/Src/stm32wbxx_hal_gpio.o
 .comment       0x0000000000000053       0x54 Drivers/STM32WBxx_HAL_Driver/Src/stm32wbxx_hal_hsem.o
 .comment       0x0000000000000053       0x54 Drivers/STM32WBxx_HAL_Driver/Src/stm32wbxx_hal_i2c.o
 .comment       0x0000000000000053       0x54 Drivers/STM32WBxx_HAL_Driver/Src/stm32wbxx_hal_i2c_ex.o
 .comment       0x0000000000000053       0x54 Drivers/STM32WBxx_HAL_Driver/Src/stm32wbxx_hal_ipcc.o
 .comment       0x0000000000000053       0x54 Drivers/STM32WBxx_HAL_Driver/Src/stm32wbxx_hal_pcd.o
 .comment       0x0000000000000053       0x54 Drivers/STM32WBxx_HAL_Driver/Src/stm32wbxx_hal_pcd_ex.o
 .comment       0x0000000000000053       0x54 Drivers/STM32WBxx_HAL_Driver/Src/stm32wbxx_hal_pwr.o
 .comment       0x0000000000000053       0x54 Drivers/STM32WBxx_HAL_Driver/Src/stm32wbxx_hal_pwr_ex.o
 .comment       0x0000000000000053       0x54 Drivers/STM32WBxx_HAL_Driver/Src/stm32wbxx_hal_rcc.o
 .comment       0x0000000000000053       0x54 Drivers/STM32WBxx_HAL_Driver/Src/stm32wbxx_hal_rcc_ex.o
 .comment       0x0000000000000053       0x54 Drivers/STM32WBxx_HAL_Driver/Src/stm32wbxx_ll_usb.o

.debug_frame    0x0000000000000000     0x5868
 .debug_frame   0x0000000000000000       0x5c Core/Src/gpio.o
 .debug_frame   0x000000000000005c       0xec Core/Src/i2c.o
 .debug_frame   0x0000000000000148       0xc4 Core/Src/ipcc.o
 .debug_frame   0x000000000000020c       0x94 Core/Src/main.o
 .debug_frame   0x00000000000002a0       0x54 Core/Src/stm32wbxx_hal_msp.o
 .debug_frame   0x00000000000002f4      0x120 Core/Src/stm32wbxx_it.o
 .debug_frame   0x0000000000000414       0x58 Core/Src/system_stm32wbxx.o
 .debug_frame   0x000000000000046c       0xec Core/Src/usb.o
 .debug_frame   0x0000000000000558      0xa34 Drivers/STM32WBxx_HAL_Driver/Src/stm32wbxx_hal.o
 .debug_frame   0x0000000000000f8c      0x44c Drivers/STM32WBxx_HAL_Driver/Src/stm32wbxx_hal_cortex.o
 .debug_frame   0x00000000000013d8      0x14c Drivers/STM32WBxx_HAL_Driver/Src/stm32wbxx_hal_gpio.o
 .debug_frame   0x0000000000001524      0x1bc Drivers/STM32WBxx_HAL_Driver/Src/stm32wbxx_hal_hsem.o
 .debug_frame   0x00000000000016e0      0xbe8 Drivers/STM32WBxx_HAL_Driver/Src/stm32wbxx_hal_i2c.o
 .debug_frame   0x00000000000022c8      0x100 Drivers/STM32WBxx_HAL_Driver/Src/stm32wbxx_hal_i2c_ex.o
 .debug_frame   0x00000000000023c8      0x29c Drivers/STM32WBxx_HAL_Driver/Src/stm32wbxx_hal_ipcc.o
 .debug_frame   0x0000000000002664      0x554 Drivers/STM32WBxx_HAL_Driver/Src/stm32wbxx_hal_pcd.o
 .debug_frame   0x0000000000002bb8      0x14c Drivers/STM32WBxx_HAL_Driver/Src/stm32wbxx_hal_pcd_ex.o
 .debug_frame   0x0000000000002d04      0x344 Drivers/STM32WBxx_HAL_Driver/Src/stm32wbxx_hal_pwr.o
 .debug_frame   0x0000000000003048      0xb00 Drivers/STM32WBxx_HAL_Driver/Src/stm32wbxx_hal_pwr_ex.o
 .debug_frame   0x0000000000003b48      0xa88 Drivers/STM32WBxx_HAL_Driver/Src/stm32wbxx_hal_rcc.o
 .debug_frame   0x00000000000045d0      0xf3c Drivers/STM32WBxx_HAL_Driver/Src/stm32wbxx_hal_rcc_ex.o
 .debug_frame   0x000000000000550c      0x310 Drivers/STM32WBxx_HAL_Driver/Src/stm32wbxx_ll_usb.o
 .debug_frame   0x000000000000581c       0x2c c:/st/stm32cubeide_1.5.1/stm32cubeide/plugins/com.st.stm32cube.ide.mcu.externaltools.gnu-tools-for-stm32.9-2020-q2-update.win32_1.5.0.202011040924/tools/bin/../lib/gcc/arm-none-eabi/9.3.1/../../../../arm-none-eabi/lib/thumb/v7e-m+fp/hard\libc_nano.a(lib_a-init.o)
 .debug_frame   0x0000000000005848       0x20 c:/st/stm32cubeide_1.5.1/stm32cubeide/plugins/com.st.stm32cube.ide.mcu.externaltools.gnu-tools-for-stm32.9-2020-q2-update.win32_1.5.0.202011040924/tools/bin/../lib/gcc/arm-none-eabi/9.3.1/../../../../arm-none-eabi/lib/thumb/v7e-m+fp/hard\libc_nano.a(lib_a-memset.o)
